recitation yusuf: 20 ayah files, 2876085 bytes
recitation medley: 54 ayah files, 4811877 bytes
search lec1: 0 items
lecture lec1: nothing usable
search lec2: 15 items
    mohamed-hassan-mp3 | محاضرات الشيخ محمد حسان | www.islamic-tape.com | 
    mohammad-hassaan-155-khotab-moassera-almawso3a-alsawteyya-mp3 | موسوعة صوتية ل الشيخ محمد حسان 156 درس وخطبة من اجمل ما يكون | rabea3-alferdws-ala3la.com | 
    Mohamed___Hassan | مصحف للقارئ الشيخ محمد حسان | تم رفع هذه المادة بواسطة خادم  | 
    Khotab_Moahamed-Hassan-mp3 | تحميل خطب الجمعة للشيخ محمد حسان برابط مباشر - صوتي |  | 
    quranislam-hasan | القرآن بصوت الشيخ محمد حسان |  | 
    Mohammad_Hassen_End_koonoz_blogspot_com | سلسلة أحداث النهاية للشيخ محمد حسان | koonoz.blogspot.com | 
    M-HaSSeN_428_Lectures_Mp3_up-by-muslem | ـ 428 محاضرة صوتية للشيخ محمد حسان | تم رفع هذه المادة بواسطة مُسلم | 
    Muhammad_Hassan-el-moslem.com | محمد حسان - حفص عن عاصم - شبكة المسلم - el-moslem.com | www.el-moslem.com | 
lecture lec2: mohamed-hassan-mp3 / 001.mp3 (63 min) -> 3601052 bytes
search lec3: 15 items
    Khwater.El-Sharawy.Fi.Tafsir.EL-Quran-Karim-Up-By-mUSLEm | خواطر الشيخ الشعراوي في تفسير القرآن الكريم | تم رفع هذه المادة بواسطة مُسلم | 
    Islamic_Tape-233_uP_bY_mUSLEm | خواطر الشيخ الشعراوي في تفسير القرآن الكريم | تم رفع هذه المادة بواسطة مُسلم | 
    ta7milat.com_tafssir-cha3rawi | تحميل تفسير القرآن كامل للشيخ الشعراوي برابط واحد مباشر | up_by_ayoub-islam | 
    Khwater_Al-Sharawy_Fi_Tafsir_up-by-muslem | خواطر الشيخ محمد متولي الشعراوي في تفسير القرآن الكريم-2 | Up-By-MusleM-تم رفع هذه المادة | 
    Khwater.El-Sharawy.Fi.Tafsir.EL-Qouran-1a2-Up-By-mUSLEm | خواطر الشيخ الشعراوي في تفسير القرآن الكريم -الجزء-1 | تم رفع هذه المادة بواسطة مُسلم | 
    tafseer-quran--by-alsha3rawy-sound-vocal--full | تفسير القران صوتي كامل ل الشعراوي | rabea3-alferdws-ala3la.com | 
    Islamic_Tape-248_uP_bY_mUSLEm | برنامج خواطر ايمانية للشيخ محمد متولي الشعراوي_صوت | تم رفع هذه المادة بواسطة مُسلم | 
    Khwater.El-Sharawy.Fi.Tafsir.EL-Qouran-6a8-Up-By-mUSLEm | خواطر الشيخ الشعراوي في تفسير القرآن الكريم -الجزء-3 | تم رفع هذه المادة بواسطة مُسلم | 
lecture lec3: Khwater.El-Sharawy.Fi.Tafsir.EL-Quran-Karim-Up-By-mUSLEm / 000_Intro.mp3 (159 min) -> 3673716 bytes
search lec4: 15 items
    Riyad_As-Salihin_al-othaymeen | شرح رياض الصالحين | الشيخ محمد صالح العثيمين رحمه  | 
    Sharh_Riad_As-saleheen | شرح كتاب رياض الصالحين | الشيخ خالد السبت | 
    Sharh_Riyad_as-Salihin_al-Badr | شرح رياض الصالحين | الشيخ عبد الرزاق بن عبد المحسن | 
    Riyad_As-Salihin_ibn-Baz | شرح رياض الصالحين | الشيخ عبد العزيز بن باز رحمه ا | 
    Sharh_Riyad_Saliheen | شرح كتاب رياض الصالحين للنووي | الشيخ صالح بن عبد الله الحديثي | 
    Char7-riadh.salahin-Othaimin-Up-By-MusleM | شرح كتاب رياض الصالحين للشيخ محمد بن صالح العثيمين | تم رفع هذه المادة بواسطة مُسلم | 
    Islamiyyat0 | شرح رياض الصالحين من كلام سيد المرسلين للعلامة الشيخ--محمد بن صالح الع | ابو احمد الدمياطى | 
    Riad-Saliheen_Ben-Othaimeen | تحميل شرح رياض الصالحين للنووي – الشيخ العلامة محمد بن صالح العثيمين ر | up-by_ayoub-islam | 
lecture lec4: Riyad_As-Salihin_al-othaymeen / 01a.mp3 (43 min) -> 3600879 bytes
search lec5: 15 items
    Khattab_Mohamed-rateb-alnabulsi_mp3 | تحميل خطب الجمعة للشيخ الدكتور محمد راتب النابلسي برابط مباشر - 229 خط | up-by_ayoub-islam | 
    MostBeautifulNames | سلسلة أسماء الله الحسنى - الشيخ راتب النابلسي |  | 
    my_up_hassan_naboulssi | خطب الجمعة الصوتية للشيخ محمد راتب النابلسي |  | 
    Adham-Nabulsi | أدهم النابلسي |  | 
    abdulrahman4321_gmail_1 | موسوعة الدكتور راتب النابلسي_صوتيات |  | 
    001_20230611 | الشيخ عبد الرحيم النابلسي |  | 
    aa_14_20160717 | مقاصد الشريعة -- الشيخ محمد راتب النابلسي |  | 
    Qawanine_Al9or2ane | سلسلة " قوانين القرآن " للشيخ محمد راتب النابلسي |  | 
lecture lec5: Khattab_Mohamed-rateb-alnabulsi_mp3 / 001-.mp3 (46 min) -> 3600598 bytes
